Flutter crash report.
Please report a bug at https://github.com/flutter/flutter/issues.

## command

flutter create my_fontendc:\Users\Jalal\Desktop\AEmuu_AI\venv\Scripts\activate.bat

## exception

FileSystemException: FileSystemException: Exists failed, path = 'my_fontendc:\Users\Jalal\Desktop\AEmuu_AI\venv\Scripts\activate.bat' (OS Error: The filename, directory name, or volume label syntax is incorrect, errno = 123)

```
#0      _Directory.existsSync (dart:io/directory_impl.dart:97:7)
#1      ForwardingFileSystemEntity.existsSync (package:file/src/forwarding/forwarding_file_system_entity.dart:43:33)
#2      ErrorHandlingDirectory.existsSync.<anonymous closure> (package:flutter_tools/src/base/error_handling_io.dart:728:22)
#3      _runSync (package:flutter_tools/src/base/error_handling_io.dart:1118:16)
#4      ErrorHandlingDirectory.existsSync (package:flutter_tools/src/base/error_handling_io.dart:727:12)
#5      CreateCommand._getProjectType (package:flutter_tools/src/commands/create.dart:260:20)
#6      CreateCommand.runCommand (package:flutter_tools/src/commands/create.dart:301:42)
#7      FlutterCommand.verifyThenRunCommand (package:flutter_tools/src/runner/flutter_command.dart:1995:12)
<asynchronous suspension>
#8      FlutterCommand.run.<anonymous closure> (package:flutter_tools/src/runner/flutter_command.dart:1663:27)
<asynchronous suspension>
#9      AppContext.run.<anonymous closure> (package:flutter_tools/src/base/context.dart:154:19)
<asynchronous suspension>
#10     CommandRunner.runCommand (package:args/command_runner.dart:212:13)
<asynchronous suspension>
#11     FlutterCommandRunner.runCommand.<anonymous closure> (package:flutter_tools/src/runner/flutter_command_runner.dart:496:9)
<asynchronous suspension>
#12     AppContext.run.<anonymous closure> (package:flutter_tools/src/base/context.dart:154:19)
<asynchronous suspension>
#13     FlutterCommandRunner.runCommand (package:flutter_tools/src/runner/flutter_command_runner.dart:431:5)
<asynchronous suspension>
#14     FlutterCommandRunner.run.<anonymous closure> (package:flutter_tools/src/runner/flutter_command_runner.dart:307:33)
<asynchronous suspension>
#15     run.<anonymous closure>.<anonymous closure> (package:flutter_tools/runner.dart:104:11)
<asynchronous suspension>
#16     AppContext.run.<anonymous closure> (package:flutter_tools/src/base/context.dart:154:19)
<asynchronous suspension>
#17     main (package:flutter_tools/executable.dart:103:3)
<asynchronous suspension>
```

## flutter doctor

```
[32m[✓][39m Flutter (Channel stable, 3.47.5, on Microsoft Windows [Version 10.0.19045.6466], locale
    en-US) [710ms]
    [32m•[39m Flutter version 3.47.5 on channel stable at C:\flutter
    [32m•[39m Upstream repository https://github.com/flutter/flutter.git
    [32m•[39m Framework revision 6a19cca564 (3 days ago), 2026-09-17 14:13:22 -0400
    [32m•[39m Engine revision af7e796e16
    [32m•[39m Dart version 3.13.4
    [32m•[39m DevTools version 2.60.0
    [32m•[39m Feature flags: enable-web, enable-linux-desktop, enable-macos-desktop,
      enable-windows-desktop, enable-android, enable-ios, cli-animations,
      enable-native-assets, enable-record-use, enable-swift-package-manager,
      omit-legacy-version-file, enable-lldb-debugging, enable-uiscene-migration

[32m[✓][39m Windows Version (10 Pro 64-bit, 22H2, 2009) [4.1s]

[31m[✗][39m Android toolchain - develop for Android devices [272ms]
    [31m✗[39m Unable to locate Android SDK.
      Install Android Studio from: https://developer.android.com/studio/index.html
      On first launch it will assist you in installing the Android SDK components.
      (or visit https://flutter.dev/to/windows-android-setup for detailed instructions).
      If the Android SDK has been installed to a custom location, please use
      `flutter config --android-sdk` to update to that location.


[32m[✓][39m Chrome - develop for the web [200ms]
    [32m•[39m Chrome at C:\Program Files (x86)\Google\Chrome\Application\chrome.exe

[31m[✗][39m Visual Studio - develop Windows apps [196ms]
    [31m✗[39m Visual Studio not installed; this is necessary to develop Windows apps.
      Download at https://visualstudio.microsoft.com/downloads/.
      Please install the "Desktop development with C++" workload, including all of its
      default components

[32m[✓][39m Connected device (3 available) [515ms]
    [32m•[39m Windows (desktop) • windows • windows-x64    • Microsoft Windows [Version
      10.0.19045.6466]
    [32m•[39m Chrome (web)      • chrome  • web-javascript • Google Chrome 153.0.8010.48
    [32m•[39m Edge (web)        • edge    • web-javascript • Microsoft Edge 145.0.3800.82

[33m[!][39m Network resources [1,399ms]
    [31m✗[39m A cryptographic error occurred while checking "https://github.com/": Handshake error
      in client
      You may be experiencing a man-in-the-middle attack, your network may be compromised,
      or you may have malware installed on your computer.

[33m![39m Doctor found issues in 3 categories.
```
