2026-09-22 22:42:17,897 - INFO - Self Doctor Monitoring System Started... Target: http://127.0.0.1:8000/health
2026-09-22 22:42:18,023 - WARNING - Warning: '/health' endpoint not found (404), but server root '/' is responding.
2026-09-22 22:42:48,080 - WARNING - Warning: '/health' endpoint not found (404), but server root '/' is responding.
2026-09-22 22:43:18,138 - WARNING - Warning: '/health' endpoint not found (404), but server root '/' is responding.
2026-09-22 22:43:24,859 - INFO - Self Doctor stopped gracefully by user.
2026-09-22 22:43:41,512 - INFO - Self Doctor Monitoring System Started... Target: http://127.0.0.1:8000/health
2026-09-22 22:43:43,536 - ERROR - CRITICAL ALERT: Backend server is DOWN at http://127.0.0.1:8000/health!
2026-09-22 22:44:55,885 - INFO - Self Doctor Monitoring System Started... Target: http://127.0.0.1:8000/health
2026-09-22 22:44:56,006 - WARNING - Warning: '/health' endpoint not found (404), but server root '/' is responding.
2026-09-22 22:45:26,008 - WARNING - Warning: '/health' endpoint not found (404), but server root '/' is responding.
2026-09-22 22:45:56,025 - WARNING - Warning: '/health' endpoint not found (404), but server root '/' is responding.
2026-09-22 22:46:26,039 - WARNING - Warning: '/health' endpoint not found (404), but server root '/' is responding.
2026-09-22 22:46:56,050 - WARNING - Warning: '/health' endpoint not found (404), but server root '/' is responding.
2026-09-22 22:47:26,060 - WARNING - Warning: '/health' endpoint not found (404), but server root '/' is responding.
2026-09-22 22:48:01,087 - ERROR - ERROR: Unexpected exception occurred: HTTPConnectionPool(host='127.0.0.1', port=8000): Read timed out. (read timeout=5)
2026-09-22 22:49:05,805 - INFO - Self Doctor Monitoring System Started... Target: http://127.0.0.1:8000/health
2026-09-22 22:49:06,020 - WARNING - Warning: '/health' endpoint not found (404), but server root '/' is responding.
2026-09-22 22:49:36,029 - WARNING - Warning: '/health' endpoint not found (404), but server root '/' is responding.
2026-09-22 22:50:06,043 - WARNING - Warning: '/health' endpoint not found (404), but server root '/' is responding.
2026-09-22 22:58:02,882 - INFO - Self Doctor Monitoring System Started... Target: http://127.0.0.1:8000/health
2026-09-22 22:58:02,962 - INFO - Backend is HEALTHY and responsive.
2026-09-22 22:58:32,963 - INFO - Backend is HEALTHY and responsive.
2026-09-22 22:59:03,011 - INFO - Backend is HEALTHY and responsive.
2026-09-22 22:59:33,020 - INFO - Backend is HEALTHY and responsive.
2026-09-22 23:00:03,021 - INFO - Backend is HEALTHY and responsive.
2026-09-22 23:00:33,027 - INFO - Backend is HEALTHY and responsive.
2026-09-22 23:01:03,033 - INFO - Backend is HEALTHY and responsive.
2026-09-22 23:01:33,039 - INFO - Backend is HEALTHY and responsive.
2026-09-22 23:02:03,046 - INFO - Backend is HEALTHY and responsive.
2026-09-22 23:02:33,053 - INFO - Backend is HEALTHY and responsive.
2026-09-22 23:03:03,070 - INFO - Backend is HEALTHY and responsive.
2026-09-22 23:03:33,072 - INFO - Backend is HEALTHY and responsive.
2026-09-22 23:04:03,078 - INFO - Backend is HEALTHY and responsive.
2026-09-22 23:04:33,084 - INFO - Backend is HEALTHY and responsive.
2026-09-22 23:05:03,092 - INFO - Backend is HEALTHY and responsive.
2026-09-22 23:05:33,098 - INFO - Backend is HEALTHY and responsive.
2026-09-22 23:06:03,105 - INFO - Backend is HEALTHY and responsive.
2026-09-22 23:06:33,110 - INFO - Backend is HEALTHY and responsive.
2026-09-22 23:07:03,121 - INFO - Backend is HEALTHY and responsive.
2026-09-22 23:07:33,124 - INFO - Backend is HEALTHY and responsive.
2026-09-22 23:08:03,285 - INFO - Backend is HEALTHY and responsive.
2026-09-22 23:08:33,424 - INFO - Backend is HEALTHY and responsive.
2026-09-22 23:09:03,426 - INFO - Backend is HEALTHY and responsive.
2026-09-22 23:09:33,431 - INFO - Backend is HEALTHY and responsive.
2026-09-22 23:10:03,439 - INFO - Backend is HEALTHY and responsive.
2026-09-22 23:10:33,445 - INFO - Backend is HEALTHY and responsive.
2026-09-22 23:11:03,479 - INFO - Backend is HEALTHY and responsive.
2026-09-22 23:11:33,552 - INFO - Backend is HEALTHY and responsive.
2026-09-22 23:12:03,577 - INFO - Backend is HEALTHY and responsive.
2026-09-22 23:12:33,583 - INFO - Backend is HEALTHY and responsive.
2026-09-22 23:13:03,591 - INFO - Backend is HEALTHY and responsive.
2026-09-22 23:13:33,597 - INFO - Backend is HEALTHY and responsive.
2026-09-22 23:14:03,603 - INFO - Backend is HEALTHY and responsive.
2026-09-22 23:14:33,615 - INFO - Backend is HEALTHY and responsive.
2026-09-22 23:15:03,616 - INFO - Backend is HEALTHY and responsive.
2026-09-22 23:15:33,632 - INFO - Backend is HEALTHY and responsive.
2026-09-22 23:16:03,633 - INFO - Backend is HEALTHY and responsive.
2026-09-22 23:16:33,688 - INFO - Backend is HEALTHY and responsive.
2026-09-22 23:17:03,751 - INFO - Backend is HEALTHY and responsive.
2026-09-22 23:17:33,753 - INFO - Backend is HEALTHY and responsive.
2026-09-22 23:18:03,765 - INFO - Backend is HEALTHY and responsive.
2026-09-22 23:18:33,766 - INFO - Backend is HEALTHY and responsive.
2026-09-22 23:19:03,773 - INFO - Backend is HEALTHY and responsive.
2026-09-22 23:19:33,779 - INFO - Backend is HEALTHY and responsive.
2026-09-22 23:20:03,919 - INFO - Backend is HEALTHY and responsive.
2026-09-22 23:20:33,950 - INFO - Backend is HEALTHY and responsive.
2026-09-22 23:21:03,998 - INFO - Backend is HEALTHY and responsive.
2026-09-22 23:21:34,033 - INFO - Backend is HEALTHY and responsive.
2026-09-22 23:22:04,039 - INFO - Backend is HEALTHY and responsive.
2026-09-22 23:22:34,045 - INFO - Backend is HEALTHY and responsive.
2026-09-22 23:23:04,193 - INFO - Backend is HEALTHY and responsive.
2026-09-22 23:23:34,786 - INFO - Backend is HEALTHY and responsive.
2026-09-22 23:24:04,822 - INFO - Backend is HEALTHY and responsive.
2026-09-22 23:24:34,830 - INFO - Backend is HEALTHY and responsive.
2026-09-22 23:25:04,838 - INFO - Backend is HEALTHY and responsive.
2026-09-22 23:25:34,844 - INFO - Backend is HEALTHY and responsive.
2026-09-22 23:26:04,857 - INFO - Backend is HEALTHY and responsive.
2026-09-22 23:26:34,905 - INFO - Backend is HEALTHY and responsive.
2026-09-22 23:27:04,961 - INFO - Backend is HEALTHY and responsive.
2026-09-22 23:27:34,967 - INFO - Backend is HEALTHY and responsive.
2026-09-22 23:28:04,973 - INFO - Backend is HEALTHY and responsive.
2026-09-22 23:28:34,978 - INFO - Backend is HEALTHY and responsive.
2026-09-22 23:29:04,984 - INFO - Backend is HEALTHY and responsive.
2026-09-22 23:29:34,990 - INFO - Backend is HEALTHY and responsive.
2026-09-22 23:30:04,996 - INFO - Backend is HEALTHY and responsive.
2026-09-22 23:30:35,001 - INFO - Backend is HEALTHY and responsive.
2026-09-22 23:31:05,007 - INFO - Backend is HEALTHY and responsive.
2026-09-22 23:31:35,014 - INFO - Backend is HEALTHY and responsive.
2026-09-22 23:32:05,022 - INFO - Backend is HEALTHY and responsive.
2026-09-22 23:32:35,079 - INFO - Backend is HEALTHY and responsive.
2026-09-22 23:33:05,101 - INFO - Backend is HEALTHY and responsive.
2026-09-22 23:33:35,113 - INFO - Backend is HEALTHY and responsive.
2026-09-22 23:34:05,162 - INFO - Backend is HEALTHY and responsive.
2026-09-22 23:34:35,176 - INFO - Backend is HEALTHY and responsive.
2026-09-22 23:35:05,182 - INFO - Backend is HEALTHY and responsive.
2026-09-22 23:35:35,188 - INFO - Backend is HEALTHY and responsive.
2026-09-22 23:36:05,194 - INFO - Backend is HEALTHY and responsive.
2026-09-22 23:36:35,206 - INFO - Backend is HEALTHY and responsive.
2026-09-22 23:37:05,210 - INFO - Backend is HEALTHY and responsive.
2026-09-22 23:37:35,214 - INFO - Backend is HEALTHY and responsive.
2026-09-22 23:38:05,220 - INFO - Backend is HEALTHY and responsive.
2026-09-22 23:38:35,225 - INFO - Backend is HEALTHY and responsive.
2026-09-22 23:39:05,231 - INFO - Backend is HEALTHY and responsive.
2026-09-22 23:39:35,238 - INFO - Backend is HEALTHY and responsive.
2026-09-22 23:40:05,244 - INFO - Backend is HEALTHY and responsive.
2026-09-22 23:40:35,252 - INFO - Backend is HEALTHY and responsive.
2026-09-22 23:41:05,258 - INFO - Backend is HEALTHY and responsive.
2026-09-22 23:41:35,264 - INFO - Backend is HEALTHY and responsive.
2026-09-22 23:42:05,392 - INFO - Backend is HEALTHY and responsive.
2026-09-22 23:42:35,394 - INFO - Backend is HEALTHY and responsive.
2026-09-22 23:43:05,400 - INFO - Backend is HEALTHY and responsive.
2026-09-22 23:43:35,405 - INFO - Backend is HEALTHY and responsive.
2026-09-22 23:44:05,411 - INFO - Backend is HEALTHY and responsive.
2026-09-22 23:44:35,421 - INFO - Backend is HEALTHY and responsive.
2026-09-22 23:45:05,423 - INFO - Backend is HEALTHY and responsive.
2026-09-22 23:45:35,429 - INFO - Backend is HEALTHY and responsive.
2026-09-22 23:46:05,442 - INFO - Backend is HEALTHY and responsive.
2026-09-22 23:46:35,444 - INFO - Backend is HEALTHY and responsive.
2026-09-22 23:47:05,452 - INFO - Backend is HEALTHY and responsive.
2026-09-22 23:47:35,458 - INFO - Backend is HEALTHY and responsive.
2026-09-22 23:48:05,464 - INFO - Backend is HEALTHY and responsive.
2026-09-22 23:48:35,476 - INFO - Backend is HEALTHY and responsive.
2026-09-22 23:49:05,478 - INFO - Backend is HEALTHY and responsive.
2026-09-22 23:49:35,484 - INFO - Backend is HEALTHY and responsive.
2026-09-22 23:50:05,490 - INFO - Backend is HEALTHY and responsive.
2026-09-22 23:50:35,495 - INFO - Backend is HEALTHY and responsive.
2026-09-22 23:51:05,501 - INFO - Backend is HEALTHY and responsive.
2026-09-22 23:51:35,506 - INFO - Backend is HEALTHY and responsive.
2026-09-22 23:52:05,518 - INFO - Backend is HEALTHY and responsive.
2026-09-22 23:52:35,519 - INFO - Backend is HEALTHY and responsive.
2026-09-22 23:53:05,526 - INFO - Backend is HEALTHY and responsive.
2026-09-22 23:53:35,541 - INFO - Backend is HEALTHY and responsive.
2026-09-22 23:54:05,546 - INFO - Backend is HEALTHY and responsive.
2026-09-22 23:54:35,555 - INFO - Backend is HEALTHY and responsive.
2026-09-22 23:55:05,557 - INFO - Backend is HEALTHY and responsive.
2026-09-22 23:55:35,563 - INFO - Backend is HEALTHY and responsive.
2026-09-22 23:56:05,570 - INFO - Backend is HEALTHY and responsive.
2026-09-22 23:56:35,576 - INFO - Backend is HEALTHY and responsive.
2026-09-22 23:57:05,581 - INFO - Backend is HEALTHY and responsive.
2026-09-22 23:57:35,588 - INFO - Backend is HEALTHY and responsive.
2026-09-22 23:58:05,703 - INFO - Backend is HEALTHY and responsive.
2026-09-22 23:58:35,744 - INFO - Backend is HEALTHY and responsive.
2026-09-22 23:59:05,751 - INFO - Backend is HEALTHY and responsive.
2026-09-22 23:59:35,767 - INFO - Backend is HEALTHY and responsive.
2026-09-23 00:00:05,775 - INFO - Backend is HEALTHY and responsive.
2026-09-23 00:00:35,793 - INFO - Backend is HEALTHY and responsive.
2026-09-23 00:01:05,818 - INFO - Backend is HEALTHY and responsive.
2026-09-23 00:01:35,823 - INFO - Backend is HEALTHY and responsive.
2026-09-23 00:02:05,833 - INFO - Backend is HEALTHY and responsive.
